../Core/Src/main.c:92:5:main	16	static
../Core/Src/main.c:243:6:SystemClock_Config	88	static
../Core/Src/main.c:289:13:MX_I2C1_Init	8	static
../Core/Src/main.c:323:13:MX_I2S3_Init	8	static
../Core/Src/main.c:357:13:MX_SPI1_Init	8	static
../Core/Src/main.c:395:13:MX_SPI2_Init	8	static
../Core/Src/main.c:432:13:MX_GPIO_Init	56	static
../Core/Src/main.c:520:6:HAL_SPI_TxCpltCallback	16	static
../Core/Src/main.c:525:6:HAL_SPI_RxCpltCallback	16	static
../Core/Src/main.c:537:6:Error_Handler	4	static,ignoring_inline_asm
